2025-02-17 00:57:19,662 INFO o.a.j.u.JMeterUtils: Setting Locale to en_EN
2025-02-17 00:57:19,689 INFO o.a.j.JMeter: Loading user properties from: user.properties
2025-02-17 00:57:19,690 INFO o.a.j.JMeter: Loading system properties from: system.properties
2025-02-17 00:57:19,704 INFO o.a.j.JMeter: Copyright (c) 1998-2024 The Apache Software Foundation
2025-02-17 00:57:19,704 INFO o.a.j.JMeter: Version 5.6.3
2025-02-17 00:57:19,704 INFO o.a.j.JMeter: java.version=17.0.9
2025-02-17 00:57:19,704 INFO o.a.j.JMeter: java.vm.name=Java HotSpot(TM) 64-Bit Server VM
2025-02-17 00:57:19,704 INFO o.a.j.JMeter: os.name=Windows 11
2025-02-17 00:57:19,704 INFO o.a.j.JMeter: os.arch=amd64
2025-02-17 00:57:19,704 INFO o.a.j.JMeter: os.version=10.0
2025-02-17 00:57:19,704 INFO o.a.j.JMeter: file.encoding=Cp1252
2025-02-17 00:57:19,705 INFO o.a.j.JMeter: java.awt.headless=null
2025-02-17 00:57:19,705 INFO o.a.j.JMeter: Max memory     =1073741824
2025-02-17 00:57:19,705 INFO o.a.j.JMeter: Available Processors =12
2025-02-17 00:57:19,718 INFO o.a.j.JMeter: Default Locale=English (EN)
2025-02-17 00:57:19,718 INFO o.a.j.JMeter: JMeter  Locale=English (EN)
2025-02-17 00:57:19,718 INFO o.a.j.JMeter: JMeterHome=C:\Users\svas7\Videos\JAVASTACK\MicroService\HotelRatingService\apache-jmeter-5.6.3\apache-jmeter-5.6.3
2025-02-17 00:57:19,718 INFO o.a.j.JMeter: user.dir  =C:\Users\svas7\Videos\JAVASTACK\MicroService\HotelRatingService\apache-jmeter-5.6.3\apache-jmeter-5.6.3\bin
2025-02-17 00:57:19,719 INFO o.a.j.JMeter: PWD       =C:\Users\svas7\Videos\JAVASTACK\MicroService\HotelRatingService\apache-jmeter-5.6.3\apache-jmeter-5.6.3\bin
2025-02-17 00:57:19,720 INFO o.a.j.JMeter: IP: 192.168.0.104 Name: MSI FullName: MSI
2025-02-17 00:57:19,736 INFO o.a.j.JMeter: Loaded icon properties from org/apache/jmeter/images/icon.properties
2025-02-17 00:57:20,096 INFO o.a.j.JMeterGuiLauncher: Setting LAF to: com.github.weisj.darklaf.DarkLaf:com.github.weisj.darklaf.theme.DarculaTheme
2025-02-17 00:58:58,942 INFO o.a.j.p.h.s.HTTPSamplerBase: Parser for text/html is org.apache.jmeter.protocol.http.parser.LagartoBasedHtmlParser
2025-02-17 00:58:58,942 INFO o.a.j.p.h.s.HTTPSamplerBase: Parser for application/xhtml+xml is org.apache.jmeter.protocol.http.parser.LagartoBasedHtmlParser
2025-02-17 00:58:58,943 INFO o.a.j.p.h.s.HTTPSamplerBase: Parser for application/xml is org.apache.jmeter.protocol.http.parser.LagartoBasedHtmlParser
2025-02-17 00:58:58,943 INFO o.a.j.p.h.s.HTTPSamplerBase: Parser for text/xml is org.apache.jmeter.protocol.http.parser.LagartoBasedHtmlParser
2025-02-17 00:58:58,943 INFO o.a.j.p.h.s.HTTPSamplerBase: Parser for text/vnd.wap.wml is org.apache.jmeter.protocol.http.parser.RegexpHTMLParser
2025-02-17 00:58:58,943 INFO o.a.j.p.h.s.HTTPSamplerBase: Parser for text/css is org.apache.jmeter.protocol.http.parser.CssParser
2025-02-17 01:00:46,013 INFO o.a.j.s.SampleResult: Note: Sample TimeStamps are START times
2025-02-17 01:00:46,013 INFO o.a.j.s.SampleResult: sampleresult.default.encoding is set to UTF-8
2025-02-17 01:00:46,013 INFO o.a.j.s.SampleResult: sampleresult.useNanoTime=true
2025-02-17 01:00:46,013 INFO o.a.j.s.SampleResult: sampleresult.nanoThreadSleep=5000
2025-02-17 01:01:35,704 INFO o.a.j.s.FileServer: Default base='C:\Users\svas7\Videos\JAVASTACK\MicroService\HotelRatingService\apache-jmeter-5.6.3\apache-jmeter-5.6.3\bin'
2025-02-17 01:01:35,705 INFO o.a.j.s.FileServer: Set new base='C:\Users\svas7\Videos\JAVASTACK\MicroService\HotelRatingService\apache-jmeter-5.6.3\apache-jmeter-5.6.3\bin'
2025-02-17 01:01:35,962 INFO o.a.j.s.SaveService: Testplan (JMX) version: 2.2. Testlog (JTL) version: 2.2
2025-02-17 01:01:35,998 INFO o.a.j.s.SaveService: Using SaveService properties version 5.0
2025-02-17 01:01:35,999 INFO o.a.j.s.SaveService: Using SaveService properties file encoding UTF-8
2025-02-17 01:01:36,036 INFO o.a.j.e.StandardJMeterEngine: Running the test!
2025-02-17 01:01:36,037 INFO o.a.j.s.SampleEvent: List of sample_variables: []
2025-02-17 01:01:36,037 INFO o.a.j.s.SampleEvent: List of sample_variables: []
2025-02-17 01:01:36,038 INFO o.a.j.e.u.CompoundVariable: Note: Function class names must contain the string: '.functions.'
2025-02-17 01:01:36,038 INFO o.a.j.e.u.CompoundVariable: Note: Function class names must not contain the string: '.gui.'
2025-02-17 01:01:36,119 INFO o.a.j.g.u.JMeterMenuBar: setRunning(true, *local*)
2025-02-17 01:01:36,152 INFO o.a.j.e.StandardJMeterEngine: Starting ThreadGroup: 1 : Thread Group
2025-02-17 01:01:36,153 INFO o.a.j.e.StandardJMeterEngine: Starting 15 threads for group Thread Group.
2025-02-17 01:01:36,153 INFO o.a.j.e.StandardJMeterEngine: Thread will continue on error
2025-02-17 01:01:36,153 INFO o.a.j.t.ThreadGroup: Starting thread group... number=1 threads=15 ramp-up=1 delayedStart=false
2025-02-17 01:01:36,157 INFO o.a.j.t.JMeterThread: Thread started: Thread Group 1-1
2025-02-17 01:01:36,164 INFO o.a.j.t.ThreadGroup: Started thread group number 1
2025-02-17 01:01:36,164 INFO o.a.j.e.StandardJMeterEngine: All thread groups have been started
2025-02-17 01:01:36,180 INFO o.a.j.p.h.s.HTTPHCAbstractImpl: Local host = MSI
2025-02-17 01:01:36,191 INFO o.a.j.p.h.s.HTTPHC4Impl: HTTP request retry count = 0
2025-02-17 01:01:36,222 INFO o.a.j.t.JMeterThread: Thread started: Thread Group 1-2
2025-02-17 01:01:36,290 INFO o.a.j.t.JMeterThread: Thread started: Thread Group 1-3
2025-02-17 01:01:36,356 INFO o.a.j.t.JMeterThread: Thread started: Thread Group 1-4
2025-02-17 01:01:36,422 INFO o.a.j.t.JMeterThread: Thread started: Thread Group 1-5
2025-02-17 01:01:36,491 INFO o.a.j.t.JMeterThread: Thread started: Thread Group 1-6
2025-02-17 01:01:36,557 INFO o.a.j.t.JMeterThread: Thread started: Thread Group 1-7
2025-02-17 01:01:36,624 INFO o.a.j.t.JMeterThread: Thread started: Thread Group 1-8
2025-02-17 01:01:36,693 INFO o.a.j.t.JMeterThread: Thread started: Thread Group 1-9
2025-02-17 01:01:36,757 INFO o.a.j.t.JMeterThread: Thread started: Thread Group 1-10
2025-02-17 01:01:36,824 INFO o.a.j.t.JMeterThread: Thread started: Thread Group 1-11
2025-02-17 01:01:36,895 INFO o.a.j.t.JMeterThread: Thread started: Thread Group 1-12
2025-02-17 01:01:36,959 INFO o.a.j.t.JMeterThread: Thread started: Thread Group 1-13
2025-02-17 01:01:37,028 INFO o.a.j.t.JMeterThread: Thread started: Thread Group 1-14
2025-02-17 01:01:37,093 INFO o.a.j.t.JMeterThread: Thread started: Thread Group 1-15
2025-02-17 01:01:37,666 INFO o.a.j.t.JMeterThread: Thread is done: Thread Group 1-10
2025-02-17 01:01:37,667 INFO o.a.j.t.JMeterThread: Thread finished: Thread Group 1-10
2025-02-17 01:01:37,667 INFO o.a.j.t.JMeterThread: Thread is done: Thread Group 1-2
2025-02-17 01:01:37,667 INFO o.a.j.t.JMeterThread: Thread is done: Thread Group 1-7
2025-02-17 01:01:37,666 INFO o.a.j.t.JMeterThread: Thread is done: Thread Group 1-8
2025-02-17 01:01:37,667 INFO o.a.j.t.JMeterThread: Thread finished: Thread Group 1-2
2025-02-17 01:01:37,667 INFO o.a.j.t.JMeterThread: Thread finished: Thread Group 1-7
2025-02-17 01:01:37,667 INFO o.a.j.t.JMeterThread: Thread finished: Thread Group 1-8
2025-02-17 01:01:37,666 INFO o.a.j.t.JMeterThread: Thread is done: Thread Group 1-1
2025-02-17 01:01:37,666 INFO o.a.j.t.JMeterThread: Thread is done: Thread Group 1-4
2025-02-17 01:01:37,667 INFO o.a.j.t.JMeterThread: Thread is done: Thread Group 1-6
2025-02-17 01:01:37,667 INFO o.a.j.t.JMeterThread: Thread is done: Thread Group 1-5
2025-02-17 01:01:37,667 INFO o.a.j.t.JMeterThread: Thread is done: Thread Group 1-9
2025-02-17 01:01:37,666 INFO o.a.j.t.JMeterThread: Thread is done: Thread Group 1-3
2025-02-17 01:01:37,667 INFO o.a.j.t.JMeterThread: Thread finished: Thread Group 1-5
2025-02-17 01:01:37,667 INFO o.a.j.t.JMeterThread: Thread finished: Thread Group 1-4
2025-02-17 01:01:37,667 INFO o.a.j.t.JMeterThread: Thread finished: Thread Group 1-9
2025-02-17 01:01:37,667 INFO o.a.j.t.JMeterThread: Thread finished: Thread Group 1-1
2025-02-17 01:01:37,667 INFO o.a.j.t.JMeterThread: Thread finished: Thread Group 1-3
2025-02-17 01:01:37,667 INFO o.a.j.t.JMeterThread: Thread finished: Thread Group 1-6
2025-02-17 01:01:37,702 INFO o.a.j.t.JMeterThread: Thread is done: Thread Group 1-13
2025-02-17 01:01:37,702 INFO o.a.j.t.JMeterThread: Thread finished: Thread Group 1-13
2025-02-17 01:01:37,709 INFO o.a.j.t.JMeterThread: Thread is done: Thread Group 1-14
2025-02-17 01:01:37,709 INFO o.a.j.t.JMeterThread: Thread finished: Thread Group 1-14
2025-02-17 01:01:37,714 INFO o.a.j.t.JMeterThread: Thread is done: Thread Group 1-11
2025-02-17 01:01:37,715 INFO o.a.j.t.JMeterThread: Thread finished: Thread Group 1-11
2025-02-17 01:01:37,733 INFO o.a.j.t.JMeterThread: Thread is done: Thread Group 1-15
2025-02-17 01:01:37,733 INFO o.a.j.t.JMeterThread: Thread finished: Thread Group 1-15
2025-02-17 01:01:37,749 INFO o.a.j.t.JMeterThread: Thread is done: Thread Group 1-12
2025-02-17 01:01:37,749 INFO o.a.j.t.JMeterThread: Thread finished: Thread Group 1-12
2025-02-17 01:01:37,749 INFO o.a.j.e.StandardJMeterEngine: Notifying test listeners of end of test
2025-02-17 01:01:37,749 INFO o.a.j.g.u.JMeterMenuBar: setRunning(false, *local*)
2025-02-17 01:03:22,382 INFO o.a.j.e.StandardJMeterEngine: Running the test!
2025-02-17 01:03:22,383 INFO o.a.j.s.SampleEvent: List of sample_variables: []
2025-02-17 01:03:22,383 INFO o.a.j.g.u.JMeterMenuBar: setRunning(true, *local*)
2025-02-17 01:03:22,410 INFO o.a.j.e.StandardJMeterEngine: Starting ThreadGroup: 1 : Thread Group
2025-02-17 01:03:22,411 INFO o.a.j.e.StandardJMeterEngine: Starting 30 threads for group Thread Group.
2025-02-17 01:03:22,411 INFO o.a.j.e.StandardJMeterEngine: Thread will continue on error
2025-02-17 01:03:22,411 INFO o.a.j.t.ThreadGroup: Starting thread group... number=1 threads=30 ramp-up=1 delayedStart=false
2025-02-17 01:03:22,412 INFO o.a.j.t.JMeterThread: Thread started: Thread Group 1-1
2025-02-17 01:03:22,422 INFO o.a.j.t.ThreadGroup: Started thread group number 1
2025-02-17 01:03:22,422 INFO o.a.j.e.StandardJMeterEngine: All thread groups have been started
2025-02-17 01:03:22,447 INFO o.a.j.t.JMeterThread: Thread started: Thread Group 1-2
2025-02-17 01:03:22,451 INFO o.a.j.t.JMeterThread: Thread is done: Thread Group 1-1
2025-02-17 01:03:22,452 INFO o.a.j.t.JMeterThread: Thread finished: Thread Group 1-1
2025-02-17 01:03:22,474 INFO o.a.j.t.JMeterThread: Thread is done: Thread Group 1-2
2025-02-17 01:03:22,474 INFO o.a.j.t.JMeterThread: Thread finished: Thread Group 1-2
2025-02-17 01:03:22,479 INFO o.a.j.t.JMeterThread: Thread started: Thread Group 1-3
2025-02-17 01:03:22,502 INFO o.a.j.t.JMeterThread: Thread is done: Thread Group 1-3
2025-02-17 01:03:22,502 INFO o.a.j.t.JMeterThread: Thread finished: Thread Group 1-3
2025-02-17 01:03:22,511 INFO o.a.j.t.JMeterThread: Thread started: Thread Group 1-4
2025-02-17 01:03:22,531 INFO o.a.j.t.JMeterThread: Thread is done: Thread Group 1-4
2025-02-17 01:03:22,531 INFO o.a.j.t.JMeterThread: Thread finished: Thread Group 1-4
2025-02-17 01:03:22,546 INFO o.a.j.t.JMeterThread: Thread started: Thread Group 1-5
2025-02-17 01:03:22,566 INFO o.a.j.t.JMeterThread: Thread is done: Thread Group 1-5
2025-02-17 01:03:22,566 INFO o.a.j.t.JMeterThread: Thread finished: Thread Group 1-5
2025-02-17 01:03:22,578 INFO o.a.j.t.JMeterThread: Thread started: Thread Group 1-6
2025-02-17 01:03:22,595 INFO o.a.j.t.JMeterThread: Thread is done: Thread Group 1-6
2025-02-17 01:03:22,596 INFO o.a.j.t.JMeterThread: Thread finished: Thread Group 1-6
2025-02-17 01:03:22,610 INFO o.a.j.t.JMeterThread: Thread started: Thread Group 1-7
2025-02-17 01:03:22,629 INFO o.a.j.t.JMeterThread: Thread is done: Thread Group 1-7
2025-02-17 01:03:22,629 INFO o.a.j.t.JMeterThread: Thread finished: Thread Group 1-7
2025-02-17 01:03:22,644 INFO o.a.j.t.JMeterThread: Thread started: Thread Group 1-8
2025-02-17 01:03:22,665 INFO o.a.j.t.JMeterThread: Thread is done: Thread Group 1-8
2025-02-17 01:03:22,665 INFO o.a.j.t.JMeterThread: Thread finished: Thread Group 1-8
2025-02-17 01:03:22,677 INFO o.a.j.t.JMeterThread: Thread started: Thread Group 1-9
2025-02-17 01:03:22,697 INFO o.a.j.t.JMeterThread: Thread is done: Thread Group 1-9
2025-02-17 01:03:22,697 INFO o.a.j.t.JMeterThread: Thread finished: Thread Group 1-9
2025-02-17 01:03:22,709 INFO o.a.j.t.JMeterThread: Thread started: Thread Group 1-10
2025-02-17 01:03:22,728 INFO o.a.j.t.JMeterThread: Thread is done: Thread Group 1-10
2025-02-17 01:03:22,729 INFO o.a.j.t.JMeterThread: Thread finished: Thread Group 1-10
2025-02-17 01:03:22,743 INFO o.a.j.t.JMeterThread: Thread started: Thread Group 1-11
2025-02-17 01:03:22,765 INFO o.a.j.t.JMeterThread: Thread is done: Thread Group 1-11
2025-02-17 01:03:22,765 INFO o.a.j.t.JMeterThread: Thread finished: Thread Group 1-11
2025-02-17 01:03:22,776 INFO o.a.j.t.JMeterThread: Thread started: Thread Group 1-12
2025-02-17 01:03:22,799 INFO o.a.j.t.JMeterThread: Thread is done: Thread Group 1-12
2025-02-17 01:03:22,800 INFO o.a.j.t.JMeterThread: Thread finished: Thread Group 1-12
2025-02-17 01:03:22,808 INFO o.a.j.t.JMeterThread: Thread started: Thread Group 1-13
2025-02-17 01:03:22,834 INFO o.a.j.t.JMeterThread: Thread is done: Thread Group 1-13
2025-02-17 01:03:22,834 INFO o.a.j.t.JMeterThread: Thread finished: Thread Group 1-13
2025-02-17 01:03:22,843 INFO o.a.j.t.JMeterThread: Thread started: Thread Group 1-14
2025-02-17 01:03:22,873 INFO o.a.j.t.JMeterThread: Thread is done: Thread Group 1-14
2025-02-17 01:03:22,873 INFO o.a.j.t.JMeterThread: Thread finished: Thread Group 1-14
2025-02-17 01:03:22,875 INFO o.a.j.t.JMeterThread: Thread started: Thread Group 1-15
2025-02-17 01:03:22,905 INFO o.a.j.t.JMeterThread: Thread is done: Thread Group 1-15
2025-02-17 01:03:22,905 INFO o.a.j.t.JMeterThread: Thread finished: Thread Group 1-15
2025-02-17 01:03:22,908 INFO o.a.j.t.JMeterThread: Thread started: Thread Group 1-16
2025-02-17 01:03:22,939 INFO o.a.j.t.JMeterThread: Thread is done: Thread Group 1-16
2025-02-17 01:03:22,940 INFO o.a.j.t.JMeterThread: Thread finished: Thread Group 1-16
2025-02-17 01:03:22,941 INFO o.a.j.t.JMeterThread: Thread started: Thread Group 1-17
2025-02-17 01:03:22,970 INFO o.a.j.t.JMeterThread: Thread is done: Thread Group 1-17
2025-02-17 01:03:22,970 INFO o.a.j.t.JMeterThread: Thread finished: Thread Group 1-17
2025-02-17 01:03:22,974 INFO o.a.j.t.JMeterThread: Thread started: Thread Group 1-18
2025-02-17 01:03:23,006 INFO o.a.j.t.JMeterThread: Thread is done: Thread Group 1-18
2025-02-17 01:03:23,006 INFO o.a.j.t.JMeterThread: Thread finished: Thread Group 1-18
2025-02-17 01:03:23,008 INFO o.a.j.t.JMeterThread: Thread started: Thread Group 1-19
2025-02-17 01:03:23,037 INFO o.a.j.t.JMeterThread: Thread is done: Thread Group 1-19
2025-02-17 01:03:23,037 INFO o.a.j.t.JMeterThread: Thread finished: Thread Group 1-19
2025-02-17 01:03:23,041 INFO o.a.j.t.JMeterThread: Thread started: Thread Group 1-20
2025-02-17 01:03:23,069 INFO o.a.j.t.JMeterThread: Thread is done: Thread Group 1-20
2025-02-17 01:03:23,069 INFO o.a.j.t.JMeterThread: Thread finished: Thread Group 1-20
2025-02-17 01:03:23,074 INFO o.a.j.t.JMeterThread: Thread started: Thread Group 1-21
2025-02-17 01:03:23,098 INFO o.a.j.t.JMeterThread: Thread is done: Thread Group 1-21
2025-02-17 01:03:23,098 INFO o.a.j.t.JMeterThread: Thread finished: Thread Group 1-21
2025-02-17 01:03:23,106 INFO o.a.j.t.JMeterThread: Thread started: Thread Group 1-22
2025-02-17 01:03:23,132 INFO o.a.j.t.JMeterThread: Thread is done: Thread Group 1-22
2025-02-17 01:03:23,132 INFO o.a.j.t.JMeterThread: Thread finished: Thread Group 1-22
2025-02-17 01:03:23,139 INFO o.a.j.t.JMeterThread: Thread started: Thread Group 1-23
2025-02-17 01:03:23,167 INFO o.a.j.t.JMeterThread: Thread is done: Thread Group 1-23
2025-02-17 01:03:23,167 INFO o.a.j.t.JMeterThread: Thread finished: Thread Group 1-23
2025-02-17 01:03:23,172 INFO o.a.j.t.JMeterThread: Thread started: Thread Group 1-24
2025-02-17 01:03:23,198 INFO o.a.j.t.JMeterThread: Thread is done: Thread Group 1-24
2025-02-17 01:03:23,199 INFO o.a.j.t.JMeterThread: Thread finished: Thread Group 1-24
2025-02-17 01:03:23,205 INFO o.a.j.t.JMeterThread: Thread started: Thread Group 1-25
2025-02-17 01:03:23,233 INFO o.a.j.t.JMeterThread: Thread is done: Thread Group 1-25
2025-02-17 01:03:23,234 INFO o.a.j.t.JMeterThread: Thread finished: Thread Group 1-25
2025-02-17 01:03:23,239 INFO o.a.j.t.JMeterThread: Thread started: Thread Group 1-26
2025-02-17 01:03:23,262 INFO o.a.j.t.JMeterThread: Thread is done: Thread Group 1-26
2025-02-17 01:03:23,262 INFO o.a.j.t.JMeterThread: Thread finished: Thread Group 1-26
2025-02-17 01:03:23,271 INFO o.a.j.t.JMeterThread: Thread started: Thread Group 1-27
2025-02-17 01:03:23,294 INFO o.a.j.t.JMeterThread: Thread is done: Thread Group 1-27
2025-02-17 01:03:23,294 INFO o.a.j.t.JMeterThread: Thread finished: Thread Group 1-27
2025-02-17 01:03:23,303 INFO o.a.j.t.JMeterThread: Thread started: Thread Group 1-28
2025-02-17 01:03:23,323 INFO o.a.j.t.JMeterThread: Thread is done: Thread Group 1-28
2025-02-17 01:03:23,323 INFO o.a.j.t.JMeterThread: Thread finished: Thread Group 1-28
2025-02-17 01:03:23,338 INFO o.a.j.t.JMeterThread: Thread started: Thread Group 1-29
2025-02-17 01:03:23,357 INFO o.a.j.t.JMeterThread: Thread is done: Thread Group 1-29
2025-02-17 01:03:23,357 INFO o.a.j.t.JMeterThread: Thread finished: Thread Group 1-29
2025-02-17 01:03:23,370 INFO o.a.j.t.JMeterThread: Thread started: Thread Group 1-30
2025-02-17 01:03:23,387 INFO o.a.j.t.JMeterThread: Thread is done: Thread Group 1-30
2025-02-17 01:03:23,387 INFO o.a.j.t.JMeterThread: Thread finished: Thread Group 1-30
2025-02-17 01:03:23,388 INFO o.a.j.e.StandardJMeterEngine: Notifying test listeners of end of test
2025-02-17 01:03:23,388 INFO o.a.j.g.u.JMeterMenuBar: setRunning(false, *local*)
2025-02-17 01:03:54,106 INFO o.a.j.e.StandardJMeterEngine: Running the test!
2025-02-17 01:03:54,106 INFO o.a.j.s.SampleEvent: List of sample_variables: []
2025-02-17 01:03:54,107 INFO o.a.j.g.u.JMeterMenuBar: setRunning(true, *local*)
2025-02-17 01:03:54,109 INFO o.a.j.e.StandardJMeterEngine: Starting ThreadGroup: 1 : Thread Group
2025-02-17 01:03:54,110 INFO o.a.j.e.StandardJMeterEngine: Starting 30 threads for group Thread Group.
2025-02-17 01:03:54,110 INFO o.a.j.e.StandardJMeterEngine: Thread will continue on error
2025-02-17 01:03:54,110 INFO o.a.j.t.ThreadGroup: Starting thread group... number=1 threads=30 ramp-up=1 delayedStart=false
2025-02-17 01:03:54,111 INFO o.a.j.t.JMeterThread: Thread started: Thread Group 1-1
2025-02-17 01:03:54,116 INFO o.a.j.t.ThreadGroup: Started thread group number 1
2025-02-17 01:03:54,116 INFO o.a.j.e.StandardJMeterEngine: All thread groups have been started
2025-02-17 01:03:54,147 INFO o.a.j.t.JMeterThread: Thread started: Thread Group 1-2
2025-02-17 01:03:54,178 INFO o.a.j.t.JMeterThread: Thread started: Thread Group 1-3
2025-02-17 01:03:54,211 INFO o.a.j.t.JMeterThread: Thread started: Thread Group 1-4
2025-02-17 01:03:54,244 INFO o.a.j.t.JMeterThread: Thread started: Thread Group 1-5
2025-02-17 01:03:54,278 INFO o.a.j.t.JMeterThread: Thread started: Thread Group 1-6
2025-02-17 01:03:54,311 INFO o.a.j.t.JMeterThread: Thread started: Thread Group 1-7
2025-02-17 01:03:54,343 INFO o.a.j.t.JMeterThread: Thread started: Thread Group 1-8
2025-02-17 01:03:54,375 INFO o.a.j.t.JMeterThread: Thread started: Thread Group 1-9
2025-02-17 01:03:54,410 INFO o.a.j.t.JMeterThread: Thread started: Thread Group 1-10
2025-02-17 01:03:54,442 INFO o.a.j.t.JMeterThread: Thread started: Thread Group 1-11
2025-02-17 01:03:54,474 INFO o.a.j.t.JMeterThread: Thread started: Thread Group 1-12
2025-02-17 01:03:54,508 INFO o.a.j.t.JMeterThread: Thread started: Thread Group 1-13
2025-02-17 01:03:54,542 INFO o.a.j.t.JMeterThread: Thread started: Thread Group 1-14
2025-02-17 01:03:54,572 INFO o.a.j.t.JMeterThread: Thread started: Thread Group 1-15
2025-02-17 01:03:54,606 INFO o.a.j.t.JMeterThread: Thread started: Thread Group 1-16
2025-02-17 01:03:54,640 INFO o.a.j.t.JMeterThread: Thread started: Thread Group 1-17
2025-02-17 01:03:54,672 INFO o.a.j.t.JMeterThread: Thread started: Thread Group 1-18
2025-02-17 01:03:54,706 INFO o.a.j.t.JMeterThread: Thread started: Thread Group 1-19
2025-02-17 01:03:54,738 INFO o.a.j.t.JMeterThread: Thread started: Thread Group 1-20
2025-02-17 01:03:54,772 INFO o.a.j.t.JMeterThread: Thread started: Thread Group 1-21
2025-02-17 01:03:54,804 INFO o.a.j.t.JMeterThread: Thread started: Thread Group 1-22
2025-02-17 01:03:54,838 INFO o.a.j.t.JMeterThread: Thread started: Thread Group 1-23
2025-02-17 01:03:54,870 INFO o.a.j.t.JMeterThread: Thread started: Thread Group 1-24
2025-02-17 01:03:54,903 INFO o.a.j.t.JMeterThread: Thread started: Thread Group 1-25
2025-02-17 01:03:54,936 INFO o.a.j.t.JMeterThread: Thread started: Thread Group 1-26
2025-02-17 01:03:54,969 INFO o.a.j.t.JMeterThread: Thread started: Thread Group 1-27
2025-02-17 01:03:55,003 INFO o.a.j.t.JMeterThread: Thread started: Thread Group 1-28
2025-02-17 01:03:55,036 INFO o.a.j.t.JMeterThread: Thread started: Thread Group 1-29
2025-02-17 01:03:55,070 INFO o.a.j.t.JMeterThread: Thread started: Thread Group 1-30
2025-02-17 01:03:56,169 INFO o.a.j.t.JMeterThread: Thread is done: Thread Group 1-1
2025-02-17 01:03:56,169 INFO o.a.j.t.JMeterThread: Thread finished: Thread Group 1-1
2025-02-17 01:03:56,194 INFO o.a.j.t.JMeterThread: Thread is done: Thread Group 1-2
2025-02-17 01:03:56,195 INFO o.a.j.t.JMeterThread: Thread finished: Thread Group 1-2
2025-02-17 01:03:56,225 INFO o.a.j.t.JMeterThread: Thread is done: Thread Group 1-3
2025-02-17 01:03:56,225 INFO o.a.j.t.JMeterThread: Thread finished: Thread Group 1-3
2025-02-17 01:03:56,241 INFO o.a.j.t.JMeterThread: Thread is done: Thread Group 1-4
2025-02-17 01:03:56,242 INFO o.a.j.t.JMeterThread: Thread finished: Thread Group 1-4
2025-02-17 01:03:56,292 INFO o.a.j.t.JMeterThread: Thread is done: Thread Group 1-5
2025-02-17 01:03:56,292 INFO o.a.j.t.JMeterThread: Thread finished: Thread Group 1-5
2025-02-17 01:03:56,324 INFO o.a.j.t.JMeterThread: Thread is done: Thread Group 1-6
2025-02-17 01:03:56,324 INFO o.a.j.t.JMeterThread: Thread finished: Thread Group 1-6
2025-02-17 01:03:56,350 INFO o.a.j.t.JMeterThread: Thread is done: Thread Group 1-7
2025-02-17 01:03:56,351 INFO o.a.j.t.JMeterThread: Thread finished: Thread Group 1-7
2025-02-17 01:03:56,382 INFO o.a.j.t.JMeterThread: Thread is done: Thread Group 1-8
2025-02-17 01:03:56,382 INFO o.a.j.t.JMeterThread: Thread finished: Thread Group 1-8
2025-02-17 01:03:56,412 INFO o.a.j.t.JMeterThread: Thread is done: Thread Group 1-9
2025-02-17 01:03:56,412 INFO o.a.j.t.JMeterThread: Thread finished: Thread Group 1-9
2025-02-17 01:03:56,456 INFO o.a.j.t.JMeterThread: Thread is done: Thread Group 1-10
2025-02-17 01:03:56,457 INFO o.a.j.t.JMeterThread: Thread finished: Thread Group 1-10
2025-02-17 01:03:58,201 INFO o.a.j.t.JMeterThread: Thread is done: Thread Group 1-11
2025-02-17 01:03:58,202 INFO o.a.j.t.JMeterThread: Thread finished: Thread Group 1-11
2025-02-17 01:03:58,205 INFO o.a.j.t.JMeterThread: Thread is done: Thread Group 1-21
2025-02-17 01:03:58,205 INFO o.a.j.t.JMeterThread: Thread finished: Thread Group 1-21
2025-02-17 01:03:58,209 INFO o.a.j.t.JMeterThread: Thread is done: Thread Group 1-22
2025-02-17 01:03:58,210 INFO o.a.j.t.JMeterThread: Thread finished: Thread Group 1-22
2025-02-17 01:03:58,212 INFO o.a.j.t.JMeterThread: Thread is done: Thread Group 1-23
2025-02-17 01:03:58,212 INFO o.a.j.t.JMeterThread: Thread finished: Thread Group 1-23
2025-02-17 01:03:58,215 INFO o.a.j.t.JMeterThread: Thread is done: Thread Group 1-24
2025-02-17 01:03:58,216 INFO o.a.j.t.JMeterThread: Thread finished: Thread Group 1-24
2025-02-17 01:03:58,218 INFO o.a.j.t.JMeterThread: Thread is done: Thread Group 1-25
2025-02-17 01:03:58,219 INFO o.a.j.t.JMeterThread: Thread finished: Thread Group 1-25
2025-02-17 01:03:58,222 INFO o.a.j.t.JMeterThread: Thread is done: Thread Group 1-26
2025-02-17 01:03:58,223 INFO o.a.j.t.JMeterThread: Thread finished: Thread Group 1-26
2025-02-17 01:03:58,225 INFO o.a.j.t.JMeterThread: Thread is done: Thread Group 1-27
2025-02-17 01:03:58,226 INFO o.a.j.t.JMeterThread: Thread finished: Thread Group 1-27
2025-02-17 01:03:58,230 INFO o.a.j.t.JMeterThread: Thread is done: Thread Group 1-28
2025-02-17 01:03:58,230 INFO o.a.j.t.JMeterThread: Thread finished: Thread Group 1-28
2025-02-17 01:03:58,233 INFO o.a.j.t.JMeterThread: Thread is done: Thread Group 1-29
2025-02-17 01:03:58,233 INFO o.a.j.t.JMeterThread: Thread finished: Thread Group 1-29
2025-02-17 01:03:58,236 INFO o.a.j.t.JMeterThread: Thread is done: Thread Group 1-30
2025-02-17 01:03:58,236 INFO o.a.j.t.JMeterThread: Thread finished: Thread Group 1-30
2025-02-17 01:03:58,248 INFO o.a.j.t.JMeterThread: Thread is done: Thread Group 1-12
2025-02-17 01:03:58,248 INFO o.a.j.t.JMeterThread: Thread finished: Thread Group 1-12
2025-02-17 01:03:58,278 INFO o.a.j.t.JMeterThread: Thread is done: Thread Group 1-13
2025-02-17 01:03:58,278 INFO o.a.j.t.JMeterThread: Thread finished: Thread Group 1-13
2025-02-17 01:03:58,294 INFO o.a.j.t.JMeterThread: Thread is done: Thread Group 1-14
2025-02-17 01:03:58,294 INFO o.a.j.t.JMeterThread: Thread finished: Thread Group 1-14
2025-02-17 01:03:58,339 INFO o.a.j.t.JMeterThread: Thread is done: Thread Group 1-15
2025-02-17 01:03:58,339 INFO o.a.j.t.JMeterThread: Thread finished: Thread Group 1-15
2025-02-17 01:03:58,371 INFO o.a.j.t.JMeterThread: Thread is done: Thread Group 1-16
2025-02-17 01:03:58,371 INFO o.a.j.t.JMeterThread: Thread finished: Thread Group 1-16
2025-02-17 01:03:58,403 INFO o.a.j.t.JMeterThread: Thread is done: Thread Group 1-17
2025-02-17 01:03:58,403 INFO o.a.j.t.JMeterThread: Thread finished: Thread Group 1-17
2025-02-17 01:03:58,433 INFO o.a.j.t.JMeterThread: Thread is done: Thread Group 1-18
2025-02-17 01:03:58,433 INFO o.a.j.t.JMeterThread: Thread finished: Thread Group 1-18
2025-02-17 01:03:58,466 INFO o.a.j.t.JMeterThread: Thread is done: Thread Group 1-19
2025-02-17 01:03:58,466 INFO o.a.j.t.JMeterThread: Thread finished: Thread Group 1-19
2025-02-17 01:03:58,512 INFO o.a.j.t.JMeterThread: Thread is done: Thread Group 1-20
2025-02-17 01:03:58,512 INFO o.a.j.t.JMeterThread: Thread finished: Thread Group 1-20
2025-02-17 01:03:58,513 INFO o.a.j.e.StandardJMeterEngine: Notifying test listeners of end of test
2025-02-17 01:03:58,513 INFO o.a.j.g.u.JMeterMenuBar: setRunning(false, *local*)
2025-02-17 01:04:28,829 WARN o.a.j.u.Document: Error document parsing.
org.apache.tika.exception.TikaException: Failed to detect the character encoding of a document
	at org.apache.tika.detect.AutoDetectReader.detect(AutoDetectReader.java:85) ~[tika-core-1.28.5.jar:1.28.5]
	at org.apache.tika.detect.AutoDetectReader.<init>(AutoDetectReader.java:116) ~[tika-core-1.28.5.jar:1.28.5]
	at org.apache.tika.detect.AutoDetectReader.<init>(AutoDetectReader.java:122) ~[tika-core-1.28.5.jar:1.28.5]
	at org.apache.tika.parser.csv.TextAndCSVParser.detect(TextAndCSVParser.java:263) ~[tika-parsers-1.28.5.jar:1.28.5]
	at org.apache.tika.parser.csv.TextAndCSVParser.parse(TextAndCSVParser.java:147) ~[tika-parsers-1.28.5.jar:1.28.5]
	at org.apache.tika.parser.CompositeParser.parse(CompositeParser.java:281) ~[tika-core-1.28.5.jar:1.28.5]
	at org.apache.tika.parser.CompositeParser.parse(CompositeParser.java:281) ~[tika-core-1.28.5.jar:1.28.5]
	at org.apache.tika.parser.AutoDetectParser.parse(AutoDetectParser.java:143) ~[tika-core-1.28.5.jar:1.28.5]
	at org.apache.jmeter.util.Document.getTextFromDocument(Document.java:58) ~[ApacheJMeter_core.jar:5.6.3]
	at org.apache.jmeter.visualizers.RenderAsDocument.showDocumentResponse(RenderAsDocument.java:45) ~[ApacheJMeter_components.jar:5.6.3]
	at org.apache.jmeter.visualizers.RenderAsDocument.renderResult(RenderAsDocument.java:37) ~[ApacheJMeter_components.jar:5.6.3]
	at org.apache.jmeter.visualizers.ViewResultsFullVisualizer.valueChanged(ViewResultsFullVisualizer.java:400) ~[ApacheJMeter_components.jar:5.6.3]
	at org.apache.jmeter.visualizers.ViewResultsFullVisualizer.actionPerformed(ViewResultsFullVisualizer.java:530) ~[ApacheJMeter_components.jar:5.6.3]
	at java.desktop/javax.swing.JComboBox.fireActionEvent(JComboBox.java:1294) ~[?:?]
	at java.desktop/javax.swing.JComboBox.setSelectedItem(JComboBox.java:619) ~[?:?]
	at java.desktop/javax.swing.JComboBox.setSelectedIndex(JComboBox.java:654) ~[?:?]
	at java.desktop/javax.swing.plaf.basic.BasicComboPopup$Handler.mouseReleased(BasicComboPopup.java:946) ~[?:?]
	at java.desktop/java.awt.AWTEventMulticaster.mouseReleased(AWTEventMulticaster.java:298) ~[?:?]
	at java.desktop/java.awt.Component.processMouseEvent(Component.java:6626) ~[?:?]
	at java.desktop/javax.swing.JComponent.processMouseEvent(JComponent.java:3389) ~[?:?]
	at java.desktop/javax.swing.plaf.basic.BasicComboPopup$1.processMouseEvent(BasicComboPopup.java:551) ~[?:?]
	at java.desktop/java.awt.Component.processEvent(Component.java:6391) ~[?:?]
	at java.desktop/java.awt.Container.processEvent(Container.java:2266) ~[?:?]
	at java.desktop/java.awt.Component.dispatchEventImpl(Component.java:5001) ~[?:?]
	at java.desktop/java.awt.Container.dispatchEventImpl(Container.java:2324) ~[?:?]
	at java.desktop/java.awt.Component.dispatchEvent(Component.java:4833) ~[?:?]
	at java.desktop/java.awt.LightweightDispatcher.retargetMouseEvent(Container.java:4948) ~[?:?]
	at java.desktop/java.awt.LightweightDispatcher.processMouseEvent(Container.java:4575) ~[?:?]
	at java.desktop/java.awt.LightweightDispatcher.dispatchEvent(Container.java:4516) ~[?:?]
	at java.desktop/java.awt.Container.dispatchEventImpl(Container.java:2310) ~[?:?]
	at java.desktop/java.awt.Window.dispatchEventImpl(Window.java:2780) ~[?:?]
	at java.desktop/java.awt.Component.dispatchEvent(Component.java:4833) ~[?:?]
	at java.desktop/java.awt.EventQueue.dispatchEventImpl(EventQueue.java:773) ~[?:?]
	at java.desktop/java.awt.EventQueue$4.run(EventQueue.java:722) ~[?:?]
	at java.desktop/java.awt.EventQueue$4.run(EventQueue.java:716) ~[?:?]
	at java.base/java.security.AccessController.doPrivileged(AccessController.java:399) [?:?]
	at java.base/java.security.ProtectionDomain$JavaSecurityAccessImpl.doIntersectionPrivilege(ProtectionDomain.java:86) ~[?:?]
	at java.base/java.security.ProtectionDomain$JavaSecurityAccessImpl.doIntersectionPrivilege(ProtectionDomain.java:97) ~[?:?]
	at java.desktop/java.awt.EventQueue$5.run(EventQueue.java:746) ~[?:?]
	at java.desktop/java.awt.EventQueue$5.run(EventQueue.java:744) ~[?:?]
	at java.base/java.security.AccessController.doPrivileged(AccessController.java:399) [?:?]
	at java.base/java.security.ProtectionDomain$JavaSecurityAccessImpl.doIntersectionPrivilege(ProtectionDomain.java:86) [?:?]
	at java.desktop/java.awt.EventQueue.dispatchEvent(EventQueue.java:743) [?:?]
	at java.desktop/java.awt.EventDispatchThread.pumpOneEventForFilters(EventDispatchThread.java:203) [?:?]
	at java.desktop/java.awt.EventDispatchThread.pumpEventsForFilter(EventDispatchThread.java:124) [?:?]
	at java.desktop/java.awt.EventDispatchThread.pumpEventsForHierarchy(EventDispatchThread.java:113) [?:?]
	at java.desktop/java.awt.EventDispatchThread.pumpEvents(EventDispatchThread.java:109) [?:?]
	at java.desktop/java.awt.EventDispatchThread.pumpEvents(EventDispatchThread.java:101) [?:?]
	at java.desktop/java.awt.EventDispatchThread.run(EventDispatchThread.java:90) [?:?]
